// Jest Snapshot v1, https://goo.gl/fbAQLP

exports[`Button Tests it matches snapshot 1`] = `
<Fragment>
  <button
    className="button button primary"
  >
    SAVE
  </button>
</Fragment>
`;
